src/app/dashboard/joyeria/page.tsx(350,18): error TS2741: Property 'lotes' is missing in type '{ onClose: () => void; onSave: (j: Joya) => void; }' but required in type '{ lotes: LoteBasico[]; onClose: () => void; onSave: (j: Joya) => void; }'.
